# Translations template for PROJECT.
# Copyright (C) 2018 ORGANIZATION
# This file is distributed under the same license as the PROJECT project.
# FIRST AUTHOR <EMAIL@ADDRESS>, 2018.
#
#, fuzzy
msgid ""
msgstr ""
"Project-Id-Version: PROJECT VERSION"
"Report-Msgid-Bugs-To: EMAIL@ADDRESS"
"PO-Revision-Date: YEAR-MO-DA HO:MI+ZONE"
"Last-Translator: FULL NAME <EMAIL@ADDRESS>"
"Language-Team: LANGUAGE <LL@li.org>"
"MIME-Version: 1.0"
"Content-Type: text/plain; charset=utf-8"
"Content-Transfer-Encoding: 8bit"
"Generated-By: go-translate 0.1"

#, python-format
msgid "hello %(name)s,"
msgtxt ""

#, python-format
msgid "hello %(Othername)s,"
msgtxt ""
