ORIGINAL:hello {{ name  }},
TRANS:
=== translation ===
ORIGINAL:hello {{ Othername  }},
TRANS:
